// Jest Snapshot v1, https://goo.gl/fbAQLP

exports[`Quotes component renders correctly 1`] = `
<div>
  <h1>
    Mathematics is not about numbers, equations, computations,
    <br />
    or algorithms: it is about understanding. â€“William Paul Thurston
  </h1>
</div>
`;
